// Jest Snapshot v1, https://goo.gl/fbAQLP

exports[`renders demo correctly 1`] = `
<div>
  <div>
    <div class="van-cell-group van-hairline--top-bottom">
      <div>
        <div class="van-cell van-field">
          <div class="van-cell__value van-cell__value--alone">
            <div class="van-field__body-wrap">
              <div class="van-field__body"><input type="text" placeholder="请输入用户名" class="van-field__control"></div>
            </div>
          </div>
        </div>
        <div class="van-field__error-message-wrap"></div>
      </div>
    </div>
  </div>
  <div>
    <div class="van-cell-group van-hairline--top-bottom">
      <div>
        <div class="van-cell van-cell--required van-field">
          <div class="van-cell__title van-field__label">
            <div class="van-cell__title-wrap"><span class="van-cell__title-wrap-text">用户名</span><span class="van-cell__title-wrap-colon">:</span></div>
          </div>
          <div class="van-cell__value">
            <div class="van-field__body-wrap">
              <div class="van-field__body"><input type="text" placeholder="请输入用户名" class="van-field__control">
                <div class="van-field__right-icon"><i class="van-icon van-icon-question-o">
                    <!----></i></div>
              </div>
            </div>
          </div>
        </div>
        <div class="van-field__error-message-wrap"></div>
      </div>
      <div>
        <div class="van-cell van-cell--required van-field">
          <div class="van-cell__title van-field__label">
            <div class="van-cell__title-wrap"><span class="van-cell__title-wrap-text">密码</span><span class="van-cell__title-wrap-colon">:</span></div>
          </div>
          <div class="van-cell__value">
            <div class="van-field__body-wrap">
              <div class="van-field__body"><input type="password" placeholder="请输入密码" class="van-field__control"></div>
            </div>
          </div>
        </div>
        <div class="van-field__error-message-wrap"></div>
      </div>
    </div>
  </div>
  <div>
    <div class="van-cell-group van-hairline--top-bottom">
      <div>
        <div class="van-cell van-field">
          <div class="van-field__left-icon"><i class="van-icon van-icon-contact">
              <!----></i></div>
          <div class="van-cell__title van-field__label">
            <div class="van-cell__title-wrap"><span class="van-cell__title-wrap-text">用户名</span><span class="van-cell__title-wrap-colon">:</span></div>
          </div>
          <div class="van-cell__value">
            <div class="van-field__body-wrap">
              <div class="van-field__body"><input type="text" disabled="disabled" class="van-field__control"></div>
            </div>
          </div>
        </div>
        <div class="van-field__error-message-wrap"></div>
      </div>
    </div>
  </div>
  <div>
    <div class="van-cell-group van-hairline--top-bottom">
      <div>
        <div class="van-cell van-field van-field--error">
          <div class="van-cell__title van-field__label">
            <div class="van-cell__title-wrap"><span class="van-cell__title-wrap-text">用户名</span><span class="van-cell__title-wrap-colon">:</span></div>
          </div>
          <div class="van-cell__value">
            <div class="van-field__body-wrap">
              <div class="van-field__body"><input type="text" placeholder="请输入用户名" class="van-field__control"></div>
            </div>
          </div>
        </div>
        <div class="van-field__error-message-wrap"></div>
      </div>
      <div>
        <div class="van-cell van-field">
          <div class="van-cell__title van-field__label">
            <div class="van-cell__title-wrap"><span class="van-cell__title-wrap-text">手机号</span><span class="van-cell__title-wrap-colon">:</span></div>
          </div>
          <div class="van-cell__value">
            <div class="van-field__body-wrap">
              <div class="van-field__body"><input type="text" placeholder="请输入手机号" class="van-field__control"></div>
            </div>
          </div>
        </div>
        <div class="van-field__error-message-wrap">
          <div class="van-field__error-message">手机号格式错误</div>
        </div>
      </div>
    </div>
  </div>
  <div>
    <div class="van-cell-group van-hairline--top-bottom">
      <div>
        <div class="van-cell van-field">
          <div class="van-cell__title van-field__label">
            <div class="van-cell__title-wrap"><span class="van-cell__title-wrap-text">留言</span><span class="van-cell__title-wrap-colon">:</span></div>
          </div>
          <div class="van-cell__value">
            <div class="van-field__body-wrap">
              <div class="van-field__body"><textarea placeholder="请输入留言" rows="1" class="van-field__control" style="height: auto;"></textarea></div>
            </div>
          </div>
        </div>
        <div class="van-field__error-message-wrap"></div>
      </div>
    </div>
  </div>
  <div>
    <div class="van-cell-group van-hairline--top-bottom">
      <div>
        <div class="van-cell van-cell--center van-field">
          <div class="van-cell__title van-field__label">
            <div class="van-cell__title-wrap"><span class="van-cell__title-wrap-text">短信验证码</span><span class="van-cell__title-wrap-colon">:</span></div>
          </div>
          <div class="van-cell__value">
            <div class="van-field__body-wrap">
              <div class="van-field__body"><input type="text" placeholder="请输入短信验证码" class="van-field__control">
                <div class="van-field__button"><button class="van-button van-button--primary van-button--small"><span class="van-button__text">
            发送验证码
          </span></button></div>
              </div>
            </div>
          </div>
        </div>
        <div class="van-field__error-message-wrap"></div>
      </div>
    </div>
  </div>
</div>
`;
