// Jest Snapshot v1, https://goo.gl/fbAQLP

exports[`renders demo correctly 1`] = `
<div>
  <div>
    <div class="van-tree-select" style="height: 300px;">
      <div class="van-tree-select__nav">
        <div class="van-ellipsis van-tree-select__nav-item van-tree-select__nav-item--active"></div>
        <div class="van-ellipsis van-tree-select__nav-item"></div>
        <div class="van-ellipsis van-tree-select__nav-item"></div>
        <div class="van-ellipsis van-tree-select__nav-item van-tree-select__nav-item--disabled"></div>
      </div>
      <div class="van-tree-select__content">
        <div class="van-ellipsis van-tree-select__item"></div>
        <div class="van-ellipsis van-tree-select__item"></div>
        <div class="van-ellipsis van-tree-select__item van-tree-select__item--disabled"></div>
        <div class="van-ellipsis van-tree-select__item"></div>
        <div class="van-ellipsis van-tree-select__item"></div>
        <div class="van-ellipsis van-tree-select__item"></div>
        <div class="van-ellipsis van-tree-select__item"></div>
        <div class="van-ellipsis van-tree-select__item"></div>
      </div>
    </div>
  </div>
</div>
`;
