// Jest Snapshot v1, https://goo.gl/fbAQLP

exports[`renders demo correctly 1`] = `
<div>
  <div>
    <div class="van-cell van-cell--clickable van-coupon-cell">
      <div class="van-cell__title">
        <div class="van-cell__title-wrap"><span class="van-cell__title-wrap-text">优惠券</span><span class="van-cell__title-wrap-colon">:</span></div>
      </div>
      <div class="van-cell__value"><span>2张可用</span></div><i class="van-icon van-icon-arrow van-cell__right-icon">
        <!----></i>
    </div>
    <!---->
  </div>
</div>
`;
